Archive member included to satisfy reference by file (symbol)

/opt/riscv/lib/gcc/riscv32-unknown-elf/12.1.0/libgcc.a(muldi3.o)
                              fmqu.elf-fir.o (__mulsi3)

Memory Configuration

Name             Origin             Length             Attributes
vexriscv_debug   0x00000000f00f0000 0x0000000000000100
dff              0x0000000000000000 0x0000000000000400
dff2             0x0000000000000400 0x0000000000000200
flash            0x0000000010000000 0x0000000001000000
mprj             0x0000000030000000 0x0000000000100000
mprjram          0x0000000038000000 0x0000000000400000
hk               0x0000000026000000 0x0000000000100000
csr              0x00000000f0000000 0x0000000000010000
*default*        0x0000000000000000 0xffffffffffffffff

Linker script and memory map

                0x0000000000000000                __DYNAMIC = 0x0

.text           0x0000000010000000      0xb5c
                0x0000000010000000                _ftext = .
 *crt0*(.text)
 .text          0x0000000010000000      0x148 fmqu.elf-crt0_vex.o
                0x0000000010000000                _start
                0x0000000010000020                trap_entry
 *crt0*(.text)
 *(.text.isr)
                0x0000000010000148                _etext = .
 .text          0x0000000010000148      0x15c fmqu.elf-isr.o
                0x0000000010000238                isr
 .text          0x00000000100002a4        0x0 fmqu.elf-fir.o
 .text          0x00000000100002a4        0x0 fmqu.elf-matmul.o
 .text          0x00000000100002a4        0x0 fmqu.elf-qsort.o
 .text          0x00000000100002a4       0x38 fmqu.elf-uart.o
 .text          0x00000000100002dc      0x880 fmqu.elf-fmqu.o
                0x00000000100003cc                main

.mprj           0x0000000010000b5c      0x1ec
 .mprj          0x0000000010000b5c      0x1ec fmqu.elf-uart.o
                0x0000000010000b5c                uart_write
                0x0000000010000ba4                uart_write_char
                0x0000000010000c0c                uart_write_string
                0x0000000010000c60                uart_read_char
                0x0000000010000cd4                uart_read

.rodata         0x0000000010000d48        0x0
                0x0000000010000d48                . = ALIGN (0x8)
 *fill*         0x0000000010000d48        0x0 
                0x0000000010000d48                _frodata = .
 *(.rodata .rodata.* .gnu.linkonce.r.*)
 *(.rodata1)
                0x0000000010000d48                . = ALIGN (0x8)
                0x0000000010000d48                _erodata = .

.data           0x0000000000000000      0x108 load address 0x0000000010000d48
                0x0000000000000000                . = ALIGN (0x8)
                0x0000000000000000                _fdata = .
 *(.data .data.* .gnu.linkonce.d.*)
 .data          0x0000000000000000        0x0 fmqu.elf-crt0_vex.o
 .data          0x0000000000000000        0x0 fmqu.elf-isr.o
 .data          0x0000000000000000       0x58 fmqu.elf-fir.o
                0x0000000000000000                taps
                0x000000000000002c                inputsignal
 .data          0x0000000000000058       0x80 fmqu.elf-matmul.o
                0x0000000000000058                Am
                0x0000000000000098                Bm
 .data          0x00000000000000d8       0x28 fmqu.elf-qsort.o
                0x00000000000000d8                Aq
 .data          0x0000000000000100        0x0 fmqu.elf-uart.o
 .data          0x0000000000000100        0x0 fmqu.elf-fmqu.o
 .data          0x0000000000000100        0x0 /opt/riscv/lib/gcc/riscv32-unknown-elf/12.1.0/libgcc.a(muldi3.o)
 *(.data1)
                0x0000000000000100                _gp = ALIGN (0x10)
 *(.sdata .sdata.* .gnu.linkonce.s.*)
 .sdata         0x0000000000000100        0x4 fmqu.elf-isr.o
                0x0000000000000100                counter
                0x0000000000000108                . = ALIGN (0x8)
 *fill*         0x0000000000000104        0x4 
                0x0000000000000108                _edata = .

.bss            0x0000000000000108       0x98 load address 0x0000000010000e50
                0x0000000000000108                . = ALIGN (0x8)
                0x0000000000000108                _fbss = .
 *(.dynsbss)
 *(.sbss .sbss.* .gnu.linkonce.sb.*)
 *(.scommon)
 *(.dynbss)
 *(.bss .bss.* .gnu.linkonce.b.*)
 .bss           0x0000000000000108        0x0 fmqu.elf-crt0_vex.o
 .bss           0x0000000000000108        0x0 fmqu.elf-isr.o
 .bss           0x0000000000000108       0x58 fmqu.elf-fir.o
                0x0000000000000108                inputbuffer
                0x0000000000000134                outputsignal
 .bss           0x0000000000000160       0x40 fmqu.elf-matmul.o
                0x0000000000000160                result
 .bss           0x00000000000001a0        0x0 fmqu.elf-qsort.o
 .bss           0x00000000000001a0        0x0 fmqu.elf-uart.o
 .bss           0x00000000000001a0        0x0 fmqu.elf-fmqu.o
 .bss           0x00000000000001a0        0x0 /opt/riscv/lib/gcc/riscv32-unknown-elf/12.1.0/libgcc.a(muldi3.o)
 *(COMMON)
                0x00000000000001a0                . = ALIGN (0x8)
                0x00000000000001a0                _ebss = .
                0x00000000000001a0                _end = .

.mprjram        0x0000000038000000      0x53c load address 0x0000000010000e50
                0x0000000038000000                . = ALIGN (0x8)
                0x0000000038000000                _fsram = .
 *libgcc.a:*(.text .text.*)
 .text          0x0000000038000000       0x24 /opt/riscv/lib/gcc/riscv32-unknown-elf/12.1.0/libgcc.a(muldi3.o)
                0x0000000038000000                __mulsi3
 .mprjram       0x0000000038000024      0x1d8 fmqu.elf-fir.o
                0x0000000038000024                initfir
                0x000000003800008c                firfilter
                0x000000003800017c                fir
 .mprjram       0x00000000380001fc      0x118 fmqu.elf-matmul.o
                0x00000000380001fc                matmul
 .mprjram       0x0000000038000314      0x228 fmqu.elf-qsort.o
                0x0000000038000314                partition
                0x0000000038000498                sort
                0x0000000038000508                qsort
                0x0000000000000600                PROVIDE (_fstack = (ORIGIN (dff2) + LENGTH (dff2)))
                0x0000000010000d48                PROVIDE (_fdata_rom = LOADADDR (.data))
                [!provide]                        PROVIDE (_edata_rom = (LOADADDR (.data) + SIZEOF (.data)))
                0x000000003800053c                PROVIDE (_esram = (ORIGIN (mprjram) + SIZEOF (.mprjram)))
                0x0000000010000e50                PROVIDE (_esram_rom = LOADADDR (.mprjram))
LOAD fmqu.elf-crt0_vex.o
LOAD fmqu.elf-isr.o
LOAD fmqu.elf-fir.o
LOAD fmqu.elf-matmul.o
LOAD fmqu.elf-qsort.o
LOAD fmqu.elf-uart.o
LOAD fmqu.elf-fmqu.o
LOAD /opt/riscv/lib/gcc/riscv32-unknown-elf/12.1.0/libgcc.a
START GROUP
LOAD /opt/riscv/lib/gcc/riscv32-unknown-elf/12.1.0/../../../../riscv32-unknown-elf/lib/libc.a
LOAD /opt/riscv/lib/gcc/riscv32-unknown-elf/12.1.0/../../../../riscv32-unknown-elf/lib/libgloss.a
END GROUP
LOAD /opt/riscv/lib/gcc/riscv32-unknown-elf/12.1.0/libgcc.a
OUTPUT(fmqu.elf elf32-littleriscv)

.rela.dyn       0x000000003800053c        0x0 load address 0x000000001000138c
 .rela.text     0x000000003800053c        0x0 fmqu.elf-crt0_vex.o

.riscv.attributes
                0x0000000000000000       0x20
 .riscv.attributes
                0x0000000000000000       0x1e fmqu.elf-crt0_vex.o
 .riscv.attributes
                0x000000000000001e       0x20 fmqu.elf-isr.o
 .riscv.attributes
                0x000000000000003e       0x1c fmqu.elf-fir.o
 .riscv.attributes
                0x000000000000005a       0x1c fmqu.elf-matmul.o
 .riscv.attributes
                0x0000000000000076       0x1c fmqu.elf-qsort.o
 .riscv.attributes
                0x0000000000000092       0x1c fmqu.elf-uart.o
 .riscv.attributes
                0x00000000000000ae       0x20 fmqu.elf-fmqu.o
 .riscv.attributes
                0x00000000000000ce       0x1a /opt/riscv/lib/gcc/riscv32-unknown-elf/12.1.0/libgcc.a(muldi3.o)

.comment        0x0000000000000000       0x1b
 .comment       0x0000000000000000       0x1b fmqu.elf-isr.o
                                         0x1c (size before relaxing)
 .comment       0x000000000000001b       0x1c fmqu.elf-fir.o
 .comment       0x000000000000001b       0x1c fmqu.elf-matmul.o
 .comment       0x000000000000001b       0x1c fmqu.elf-qsort.o
 .comment       0x000000000000001b       0x1c fmqu.elf-uart.o
 .comment       0x000000000000001b       0x1c fmqu.elf-fmqu.o

.debug_line     0x0000000000000000     0x1419
 .debug_line    0x0000000000000000      0x20a fmqu.elf-crt0_vex.o
 .debug_line    0x000000000000020a      0x151 fmqu.elf-isr.o
 .debug_line    0x000000000000035b      0x1bf fmqu.elf-fir.o
 .debug_line    0x000000000000051a      0x16f fmqu.elf-matmul.o
 .debug_line    0x0000000000000689      0x163 fmqu.elf-qsort.o
 .debug_line    0x00000000000007ec      0x25e fmqu.elf-uart.o
 .debug_line    0x0000000000000a4a      0x955 fmqu.elf-fmqu.o
 .debug_line    0x000000000000139f       0x7a /opt/riscv/lib/gcc/riscv32-unknown-elf/12.1.0/libgcc.a(muldi3.o)

.debug_line_str
                0x0000000000000000      0x1a8
 .debug_line_str
                0x0000000000000000       0x4c fmqu.elf-crt0_vex.o
 .debug_line_str
                0x000000000000004c       0x8c fmqu.elf-isr.o
                                        0x10b (size before relaxing)
 .debug_line_str
                0x00000000000000d8        0xc fmqu.elf-fir.o
                                         0x7c (size before relaxing)
 .debug_line_str
                0x00000000000000e4       0x12 fmqu.elf-matmul.o
                                         0x88 (size before relaxing)
 .debug_line_str
                0x00000000000000f6       0x10 fmqu.elf-qsort.o
                                         0x84 (size before relaxing)
 .debug_line_str
                0x0000000000000106        0x7 fmqu.elf-uart.o
                                         0xd4 (size before relaxing)
 .debug_line_str
                0x000000000000010d        0x7 fmqu.elf-fmqu.o
                                         0xff (size before relaxing)
 .debug_line_str
                0x0000000000000114       0x94 /opt/riscv/lib/gcc/riscv32-unknown-elf/12.1.0/libgcc.a(muldi3.o)

.debug_info     0x0000000000000000      0x88e
 .debug_info    0x0000000000000000       0x25 fmqu.elf-crt0_vex.o
 .debug_info    0x0000000000000025      0x1a3 fmqu.elf-isr.o
 .debug_info    0x00000000000001c8      0x14a fmqu.elf-fir.o
 .debug_info    0x0000000000000312       0xde fmqu.elf-matmul.o
 .debug_info    0x00000000000003f0      0x11e fmqu.elf-qsort.o
 .debug_info    0x000000000000050e      0x18c fmqu.elf-uart.o
 .debug_info    0x000000000000069a      0x1c5 fmqu.elf-fmqu.o
 .debug_info    0x000000000000085f       0x2f /opt/riscv/lib/gcc/riscv32-unknown-elf/12.1.0/libgcc.a(muldi3.o)

.debug_abbrev   0x0000000000000000      0x616
 .debug_abbrev  0x0000000000000000       0x14 fmqu.elf-crt0_vex.o
 .debug_abbrev  0x0000000000000014      0x131 fmqu.elf-isr.o
 .debug_abbrev  0x0000000000000145       0xf2 fmqu.elf-fir.o
 .debug_abbrev  0x0000000000000237       0xbb fmqu.elf-matmul.o
 .debug_abbrev  0x00000000000002f2       0xe7 fmqu.elf-qsort.o
 .debug_abbrev  0x00000000000003d9       0xe3 fmqu.elf-uart.o
 .debug_abbrev  0x00000000000004bc      0x139 fmqu.elf-fmqu.o
 .debug_abbrev  0x00000000000005f5       0x21 /opt/riscv/lib/gcc/riscv32-unknown-elf/12.1.0/libgcc.a(muldi3.o)

.debug_aranges  0x0000000000000000      0x148
 .debug_aranges
                0x0000000000000000       0x20 fmqu.elf-crt0_vex.o
 .debug_aranges
                0x0000000000000020       0x20 fmqu.elf-isr.o
 .debug_aranges
                0x0000000000000040       0x30 fmqu.elf-fir.o
 .debug_aranges
                0x0000000000000070       0x20 fmqu.elf-matmul.o
 .debug_aranges
                0x0000000000000090       0x30 fmqu.elf-qsort.o
 .debug_aranges
                0x00000000000000c0       0x48 fmqu.elf-uart.o
 .debug_aranges
                0x0000000000000108       0x20 fmqu.elf-fmqu.o
 .debug_aranges
                0x0000000000000128       0x20 /opt/riscv/lib/gcc/riscv32-unknown-elf/12.1.0/libgcc.a(muldi3.o)

.debug_str      0x0000000000000000      0x31e
 .debug_str     0x0000000000000000       0x58 fmqu.elf-crt0_vex.o
 .debug_str     0x0000000000000058      0x139 fmqu.elf-isr.o
                                        0x17a (size before relaxing)
 .debug_str     0x0000000000000191       0x55 fmqu.elf-fir.o
                                         0xb9 (size before relaxing)
 .debug_str     0x00000000000001e6       0x14 fmqu.elf-matmul.o
                                         0x78 (size before relaxing)
 .debug_str     0x00000000000001fa       0x1b fmqu.elf-qsort.o
                                         0x84 (size before relaxing)
 .debug_str     0x0000000000000215       0x31 fmqu.elf-uart.o
                                        0x151 (size before relaxing)
 .debug_str     0x0000000000000246       0x3b fmqu.elf-fmqu.o
                                        0x170 (size before relaxing)
 .debug_str     0x0000000000000281       0x9d /opt/riscv/lib/gcc/riscv32-unknown-elf/12.1.0/libgcc.a(muldi3.o)
                                         0xa9 (size before relaxing)

.debug_frame    0x0000000000000000      0x480
 .debug_frame   0x0000000000000000      0x118 fmqu.elf-isr.o
 .debug_frame   0x0000000000000118       0x84 fmqu.elf-fir.o
 .debug_frame   0x000000000000019c       0x38 fmqu.elf-matmul.o
 .debug_frame   0x00000000000001d4       0x84 fmqu.elf-qsort.o
 .debug_frame   0x0000000000000258      0x114 fmqu.elf-uart.o
 .debug_frame   0x000000000000036c      0x114 fmqu.elf-fmqu.o

.debug_rnglists
                0x0000000000000000       0xa9
 .debug_rnglists
                0x0000000000000000       0x28 fmqu.elf-fir.o
 .debug_rnglists
                0x0000000000000028       0x16 fmqu.elf-matmul.o
 .debug_rnglists
                0x000000000000003e       0x28 fmqu.elf-qsort.o
 .debug_rnglists
                0x0000000000000066       0x43 fmqu.elf-uart.o
